// Jest Snapshot v1, https://goo.gl/fbAQLP

exports[`Panel renders 1`] = `[Function]`;
